TLC2 Version 2.19 of 08 August 2024 (rev: 5a47802)
Running breadth-first search Model-Checking with fp 0 and seed 20260722 with 2 workers on 32 cores with 4444MB heap and 64MB offheap memory [pid: 1105] (Linux 5.15.153.1-microsoft-standard-WSL2 amd64, Ubuntu 21.0.11 x86_64, MSBDiskFPSet, DiskStateQueue).
Parsing file /mnt/d/_Work/goat_bank/hete_sandbox/formal/tla/ElectronicWarrant.tla
Parsing file /tmp/Naturals.tla
Parsing file /tmp/FiniteSets.tla
Parsing file /tmp/Sequences.tla
Semantic processing of module Naturals
Semantic processing of module Sequences
Semantic processing of module FiniteSets
Semantic processing of module ElectronicWarrant
Starting... (2026-07-22 14:17:17)
Implied-temporal checking--satisfiability problem has 3 branches.
Computing initial states...
Finished computing initial states: 1 distinct state generated at 2026-07-22 14:17:17.
Progress(10) at 2026-07-22 14:17:17: 294 states generated, 130 distinct states found, 0 states left on queue.
Checking 3 branches of temporal properties for the complete state space with 390 total distinct states at (2026-07-22 14:17:17)
Finished checking temporal properties in 00s at 2026-07-22 14:17:17
Model checking completed. No error has been found.
  Estimates of the probability that TLC did not check all reachable states
  because two distinct states had the same fingerprint:
  calculated (optimistic):  val = 1.2E-15
294 states generated, 130 distinct states found, 0 states left on queue.
The depth of the complete state graph search is 10.
The average outdegree of the complete state graph is 1 (minimum is 0, the maximum 6 and the 95th percentile is 4).
Finished in 00s at (2026-07-22 14:17:17)
