TLC2 Version 2.19 of 08 August 2024 (rev: 5a47802)
Running breadth-first search Model-Checking with fp 0 and seed 20260722 with 2 workers on 32 cores with 4444MB heap and 64MB offheap memory [pid: 1019] (Linux 5.15.153.1-microsoft-standard-WSL2 amd64, Ubuntu 21.0.11 x86_64, MSBDiskFPSet, DiskStateQueue).
Parsing file /mnt/d/_Work/goat_bank/hete_sandbox/formal/tla/ElectronicWarrant.tla
Parsing file /tmp/Naturals.tla
Parsing file /tmp/FiniteSets.tla
Parsing file /tmp/Sequences.tla
Semantic processing of module Naturals
Semantic processing of module Sequences
Semantic processing of module FiniteSets
Semantic processing of module ElectronicWarrant
Starting... (2026-07-22 14:17:15)
Computing initial states...
Finished computing initial states: 1 distinct state generated at 2026-07-22 14:17:15.
Model checking completed. No error has been found.
  Estimates of the probability that TLC did not check all reachable states
  because two distinct states had the same fingerprint:
  calculated (optimistic):  val = 3.2E-15
490 states generated, 204 distinct states found, 0 states left on queue.
The depth of the complete state graph search is 11.
The average outdegree of the complete state graph is 1 (minimum is 0, the maximum 7 and the 95th percentile is 4).
Finished in 00s at (2026-07-22 14:17:16)
